npm ls @playwright/test playwright typescript --depth=0

Test-Path .\node_modules\.bin\playwright.cmd

Test-Path .\node_modules\.bin\tsc.cmd

$env:NODE_USE_SYSTEM_CA = "1"

npm ping

============

# Install framework dependencies
npm install --save-dev @playwright/test typescript @types/node tsx

# Install report dependencies
npm install exceljs archiver

# Install archive type definitions
npm install --save-dev @types/archiver

# Verify versions
npx --no-install playwright --version
npx --no-install tsc --version

# Validate TypeScript
npx --no-install tsc --noEmit

======

PS C:\Users\tp70707\OneDrive - Allianz\My Documents\Automation\AZ_Playwright> npx --no-install playwright --version
Version 1.64.0
PS C:\Users\tp70707\OneDrive - Allianz\My Documents\Automation\AZ_Playwright> npx --no-install tsc --version
Version 7.0.2
PS C:\Users\tp70707\OneDrive - Allianz\My Documents\Automation\AZ_Playwright> npx --no-install tsc --noEmit
PS C:\Users\tp70707\OneDrive - Allianz\My Documents\Automation\AZ_Playwright> 

